2025-04-16 14:52:14 +0000  Initial pipeline context: <IDEDistributionProcessingPipelineContext: 0x34b414bc0; archive(resolved)="<IDEArchive: 0x3495f6530>", distributionTask(resolved)="2", distributionDestination(resolved)="1", distributionMethod(resolved)="<IDEDistributionMethodDevelopmentSigned: 0x34bbb8280>", team(resolved)="<IDEProvisioningDisambiguatableBasicTeam: 0x3511e8950; teamID='T283R4TNGG', teamName='Visauniversal Travelplanners', teamType='Individual', username='visauniversaltravelplanners@gmail.com', isFreeProvisioningTeam='0'>">
	Chain (16, self inclusive):
	<IDEDistributionProcessingPipelineContext: 0x34b414bc0; archive = "<IDEArchive: 0x3495f6530>", distributionMethod="<IDEDistributionMethodDevelopmentSigned: 0x34bbb8280>", team="<IDEProvisioningDisambiguatableBasicTeam: 0x3511e8950; teamID='T283R4TNGG', teamName='Visauniversal Travelplanners', teamType='Individual', username='visauniversaltravelplanners@gmail.com', isFreeProvisioningTeam='0'>">
	<IDEDistributionProcessingPipelineContext: 0x34e71f8b0; archive = "<IDEArchive: 0x3495f6530>", distributionMethod="<IDEDistributionMethodDevelopmentSigned: 0x34bbb8280>", team="<IDEProvisioningDisambiguatableBasicTeam: 0x3511e8950; teamID='T283R4TNGG', teamName='Visauniversal Travelplanners', teamType='Individual', username='visauniversaltravelplanners@gmail.com', isFreeProvisioningTeam='0'>">
	<IDEDistributionContext: 0x34c4338e0; archive = "<IDEArchive: 0x3495f6530>", distributionMethod="<IDEDistributionMethodDevelopmentSigned: 0x34bbb8280>", team="<IDEProvisioningDisambiguatableBasicTeam: 0x3511e8950; teamID='T283R4TNGG', teamName='Visauniversal Travelplanners', teamType='Individual', username='visauniversaltravelplanners@gmail.com', isFreeProvisioningTeam='0'>">
	<IDEDistributionContext: 0x34e2a6460; archive = "<IDEArchive: 0x3495f6530>", distributionMethod="<IDEDistributionMethodDevelopmentSigned: 0x34bbb8280>", team="<IDEProvisioningDisambiguatableBasicTeam: 0x3511e8950; teamID='T283R4TNGG', teamName='Visauniversal Travelplanners', teamType='Individual', username='visauniversaltravelplanners@gmail.com', isFreeProvisioningTeam='0'>">
	<IDEDistributionContext: 0x34e2945f0; archive = "<IDEArchive: 0x3495f6530>", distributionMethod="<IDEDistributionMethodDevelopmentSigned: 0x34bbb8280>", team="<IDEProvisioningDisambiguatableBasicTeam: 0x3511e8950; teamID='T283R4TNGG', teamName='Visauniversal Travelplanners', teamType='Individual', username='visauniversaltravelplanners@gmail.com', isFreeProvisioningTeam='0'>">
	<IDEDistributionContext: 0x35a9e3260; archive = "<IDEArchive: 0x3495f6530>", distributionMethod="<IDEDistributionMethodDevelopmentSigned: 0x34bbb8280>", team="<IDEProvisioningDisambiguatableBasicTeam: 0x3511e8950; teamID='T283R4TNGG', teamName='Visauniversal Travelplanners', teamType='Individual', username='visauniversaltravelplanners@gmail.com', isFreeProvisioningTeam='0'>">
	<IDEDistributionContext: 0x35ac30f30; archive = "<IDEArchive: 0x3495f6530>", distributionMethod="<IDEDistributionMethodDevelopmentSigned: 0x34bbb8280>", team="<IDEProvisioningDisambiguatableBasicTeam: 0x3511e8950; teamID='T283R4TNGG', teamName='Visauniversal Travelplanners', teamType='Individual', username='visauniversaltravelplanners@gmail.com', isFreeProvisioningTeam='0'>">
	<IDEDistributionContext: 0x34c6b6a40; archive = "<IDEArchive: 0x3495f6530>", distributionMethod="<IDEDistributionMethodDevelopmentSigned: 0x34bbb8280>", team="<IDEProvisioningDisambiguatableBasicTeam: 0x3511e8950; teamID='T283R4TNGG', teamName='Visauniversal Travelplanners', teamType='Individual', username='visauniversaltravelplanners@gmail.com', isFreeProvisioningTeam='0'>">
	<IDEDistributionContext: 0x34e2e8570; archive = "<IDEArchive: 0x3495f6530>", distributionMethod="<IDEDistributionMethodDevelopmentSigned: 0x34bbb8280>", team="<IDEProvisioningDisambiguatableBasicTeam: 0x3511e8950; teamID='T283R4TNGG', teamName='Visauniversal Travelplanners', teamType='Individual', username='visauniversaltravelplanners@gmail.com', isFreeProvisioningTeam='0'>">
	<IDEDistributionContext: 0x34e2d2030; archive = "<IDEArchive: 0x3495f6530>", distributionMethod="<IDEDistributionMethodDevelopmentSigned: 0x34bbb8280>", team="(null)">
	<IDEDistributionContext: 0x34e281500; archive = "<IDEArchive: 0x3495f6530>", distributionMethod="<IDEDistributionMethodDevelopmentSigned: 0x34bbb8280>", team="(null)">
	<IDEDistributionContext: 0x34e278790; archive = "<IDEArchive: 0x3495f6530>", distributionMethod="<IDEDistributionMethodDevelopmentSigned: 0x34bbb8280>", team="(null)">
	<IDEDistributionContext: 0x34b785d10; archive = "<IDEArchive: 0x3495f6530>", distributionMethod="<IDEDistributionMethodDevelopmentSigned: 0x34bbb8280>", team="(null)">
	<IDEDistributionContext: 0x34c757b00; archive = "<IDEArchive: 0x3495f6530>", distributionMethod="(null)", team="(null)">
	<IDEDistributionContext: 0x34c2c5bb0; archive = "<IDEArchive: 0x3495f6530>", distributionMethod="(null)", team="(null)">
	<IDEDistributionContext: 0x34cdade40; archive = "<IDEArchive: 0x3495f6530>", distributionMethod="(null)", team="(null)">
</IDEDistributionProcessingPipelineContext: 0x34b414bc0>
2025-04-16 14:52:14 +0000  Processing step: IDEDistributionCreateDestRootStep
2025-04-16 14:52:14 +0000  Processing step: IDEDistributionCopyItemStep
2025-04-16 14:52:14 +0000  Running /usr/bin/ditto '-V' '/Users/technithunder/Library/Developer/Xcode/Archives/2025-04-16/VizaYard 16-04-25, 8.20 PM.xcarchive/Products/Applications/VizaYard.app' '/var/folders/g7/nnwdbg211s91nq1m1hrvc24c0000gn/T/XcodeDistPipeline.~~~sn9Dbv/Root/Payload/VizaYard.app'
2025-04-16 14:52:14 +0000  >>> Copying /Users/technithunder/Library/Developer/Xcode/Archives/2025-04-16/VizaYard 16-04-25, 8.20 PM.xcarchive/Products/Applications/VizaYard.app 
2025-04-16 14:52:14 +0000  copying file ./_CodeSignature/CodeResources ... 
2025-04-16 14:52:14 +0000  36929 bytes for ./_CodeSignature/CodeResources
2025-04-16 14:52:14 +0000  copying file ./Fontisto.ttf ... 
2025-04-16 14:52:14 +0000  313528 bytes for ./Fontisto.ttf
2025-04-16 14:52:14 +0000  copying file ./Octicons.ttf ... 
2025-04-16 14:52:14 +0000  49404 bytes for ./Octicons.ttf
2025-04-16 14:52:14 +0000  copying file ./Inter 18pt SemiBold.ttf ... 
2025-04-16 14:52:14 +0000  343828 bytes for ./Inter 18pt SemiBold.ttf
2025-04-16 14:52:14 +0000  copying file ./Feather.ttf ... 
2025-04-16 14:52:14 +0000  56228 bytes for ./Feather.ttf
2025-04-16 14:52:14 +0000  copying file ./FirebaseCore_Privacy.bundle/PrivacyInfo.xcprivacy ... 
2025-04-16 14:52:14 +0000  855 bytes for ./FirebaseCore_Privacy.bundle/PrivacyInfo.xcprivacy
2025-04-16 14:52:14 +0000  copying file ./FirebaseCore_Privacy.bundle/Info.plist ... 
2025-04-16 14:52:14 +0000  790 bytes for ./FirebaseCore_Privacy.bundle/Info.plist
2025-04-16 14:52:14 +0000  copying file ./FontAwesome6_Regular.ttf ... 
2025-04-16 14:52:14 +0000  67976 bytes for ./FontAwesome6_Regular.ttf
2025-04-16 14:52:14 +0000  copying file ./Inter 18pt SemiBoldItalic.ttf ... 
2025-04-16 14:52:14 +0000  347760 bytes for ./Inter 18pt SemiBoldItalic.ttf
2025-04-16 14:52:14 +0000  copying file ./Entypo.ttf ... 
2025-04-16 14:52:14 +0000  66200 bytes for ./Entypo.ttf
2025-04-16 14:52:14 +0000  copying file ./RNImagePickerPrivacyInfo.bundle/PrivacyInfo.xcprivacy ... 
2025-04-16 14:52:14 +0000  905 bytes for ./RNImagePickerPrivacyInfo.bundle/PrivacyInfo.xcprivacy
2025-04-16 14:52:14 +0000  copying file ./RNImagePickerPrivacyInfo.bundle/Info.plist ... 
2025-04-16 14:52:14 +0000  796 bytes for ./RNImagePickerPrivacyInfo.bundle/Info.plist
2025-04-16 14:52:14 +0000  copying file ./Inter 18pt BlackItalic.ttf ... 
2025-04-16 14:52:14 +0000  348712 bytes for ./Inter 18pt BlackItalic.ttf
2025-04-16 14:52:14 +0000  copying file ./Inter 18pt Light.ttf ... 
2025-04-16 14:52:14 +0000  343704 bytes for ./Inter 18pt Light.ttf
2025-04-16 14:52:14 +0000  copying file ./FontAwesome5_Brands.ttf ... 
2025-04-16 14:52:14 +0000  134040 bytes for ./FontAwesome5_Brands.ttf
2025-04-16 14:52:14 +0000  copying file ./MaterialCommunityIcons.ttf ... 
2025-04-16 14:52:14 +0000  1147844 bytes for ./MaterialCommunityIcons.ttf
2025-04-16 14:52:14 +0000  copying file ./glog_privacy.bundle/Info.plist ... 
2025-04-16 14:52:14 +0000  771 bytes for ./glog_privacy.bundle/Info.plist
2025-04-16 14:52:14 +0000  copying file ./FBLPromises_Privacy.bundle/PrivacyInfo.xcprivacy ... 
2025-04-16 14:52:14 +0000  373 bytes for ./FBLPromises_Privacy.bundle/PrivacyInfo.xcprivacy
2025-04-16 14:52:14 +0000  copying file ./FBLPromises_Privacy.bundle/Info.plist ... 
2025-04-16 14:52:14 +0000  786 bytes for ./FBLPromises_Privacy.bundle/Info.plist
2025-04-16 14:52:14 +0000  copying file ./AppIcon60x60@2x.png ... 
2025-04-16 14:52:14 +0000  6287 bytes for ./AppIcon60x60@2x.png
2025-04-16 14:52:14 +0000  copying file ./Inter 18pt LightItalic.ttf ... 
2025-04-16 14:52:14 +0000  347316 bytes for ./Inter 18pt LightItalic.ttf
2025-04-16 14:52:14 +0000  copying file ./Inter 18pt Italic.ttf ... 
2025-04-16 14:52:14 +0000  346480 bytes for ./Inter 18pt Italic.ttf
2025-04-16 14:52:14 +0000  copying file ./VizaYard ... 
2025-04-16 14:52:14 +0000  64602304 bytes for ./VizaYard
2025-04-16 14:52:14 +0000  copying file ./AntDesign.ttf ... 
2025-04-16 14:52:14 +0000  70344 bytes for ./AntDesign.ttf
2025-04-16 14:52:14 +0000  copying file ./Inter 18pt Regular.ttf ... 
2025-04-16 14:52:14 +0000  342680 bytes for ./Inter 18pt Regular.ttf
2025-04-16 14:52:14 +0000  copying file ./Foundation.ttf ... 
2025-04-16 14:52:14 +0000  56976 bytes for ./Foundation.ttf
2025-04-16 14:52:14 +0000  copying file ./Ionicons.ttf ... 
2025-04-16 14:52:14 +0000  442604 bytes for ./Ionicons.ttf
2025-04-16 14:52:14 +0000  copying file ./FontAwesome5_Solid.ttf ... 
2025-04-16 14:52:14 +0000  202744 bytes for ./FontAwesome5_Solid.ttf
2025-04-16 14:52:14 +0000  copying file ./FirebaseCoreInternal_Privacy.bundle/PrivacyInfo.xcprivacy ... 
2025-04-16 14:52:14 +0000  855 bytes for ./FirebaseCoreInternal_Privacy.bundle/PrivacyInfo.xcprivacy
2025-04-16 14:52:14 +0000  copying file ./FirebaseCoreInternal_Privacy.bundle/Info.plist ... 
2025-04-16 14:52:14 +0000  806 bytes for ./FirebaseCoreInternal_Privacy.bundle/Info.plist
2025-04-16 14:52:14 +0000  copying file ./GoogleDataTransport_Privacy.bundle/PrivacyInfo.xcprivacy ... 
2025-04-16 14:52:14 +0000  1105 bytes for ./GoogleDataTransport_Privacy.bundle/PrivacyInfo.xcprivacy
2025-04-16 14:52:14 +0000  copying file ./GoogleDataTransport_Privacy.bundle/Info.plist ... 
2025-04-16 14:52:14 +0000  804 bytes for ./GoogleDataTransport_Privacy.bundle/Info.plist
2025-04-16 14:52:14 +0000  copying file ./FontAwesome5_Regular.ttf ... 
2025-04-16 14:52:14 +0000  33736 bytes for ./FontAwesome5_Regular.ttf
2025-04-16 14:52:14 +0000  copying file ./React-cxxreact_privacy.bundle/PrivacyInfo.xcprivacy ... 
2025-04-16 14:52:14 +0000  552 bytes for ./React-cxxreact_privacy.bundle/PrivacyInfo.xcprivacy
2025-04-16 14:52:14 +0000  copying file ./React-cxxreact_privacy.bundle/Info.plist ... 
2025-04-16 14:52:14 +0000  794 bytes for ./React-cxxreact_privacy.bundle/Info.plist
2025-04-16 14:52:14 +0000  copying file ./nanopb_Privacy.bundle/PrivacyInfo.xcprivacy ... 
2025-04-16 14:52:14 +0000  374 bytes for ./nanopb_Privacy.bundle/PrivacyInfo.xcprivacy
2025-04-16 14:52:14 +0000  copying file ./nanopb_Privacy.bundle/Info.plist ... 
2025-04-16 14:52:14 +0000  779 bytes for ./nanopb_Privacy.bundle/Info.plist
2025-04-16 14:52:14 +0000  copying file ./FirebaseMessaging_Privacy.bundle/PrivacyInfo.xcprivacy ... 
2025-04-16 14:52:14 +0000  2357 bytes for ./FirebaseMessaging_Privacy.bundle/PrivacyInfo.xcprivacy
2025-04-16 14:52:14 +0000  copying file ./FirebaseMessaging_Privacy.bundle/Info.plist ... 
2025-04-16 14:52:14 +0000  800 bytes for ./FirebaseMessaging_Privacy.bundle/Info.plist
2025-04-16 14:52:14 +0000  copying file ./GoogleService-Info.plist ... 
2025-04-16 14:52:14 +0000  468 bytes for ./GoogleService-Info.plist
2025-04-16 14:52:14 +0000  copying file ./FirebaseCoreExtension_Privacy.bundle/PrivacyInfo.xcprivacy ... 
2025-04-16 14:52:14 +0000  478 bytes for ./FirebaseCoreExtension_Privacy.bundle/PrivacyInfo.xcprivacy
2025-04-16 14:52:14 +0000  copying file ./FirebaseCoreExtension_Privacy.bundle/Info.plist ... 
2025-04-16 14:52:14 +0000  808 bytes for ./FirebaseCoreExtension_Privacy.bundle/Info.plist
2025-04-16 14:52:14 +0000  copying file ./FontAwesome.ttf ... 
2025-04-16 14:52:14 +0000  165548 bytes for ./FontAwesome.ttf
2025-04-16 14:52:14 +0000  copying file ./Inter 18pt ExtraBold.ttf ... 
2025-04-16 14:52:14 +0000  345008 bytes for ./Inter 18pt ExtraBold.ttf
2025-04-16 14:52:14 +0000  copying file ./Zocial.ttf ... 
2025-04-16 14:52:14 +0000  25788 bytes for ./Zocial.ttf
2025-04-16 14:52:14 +0000  copying file ./RCT-Folly_privacy.bundle/Info.plist ... 
2025-04-16 14:52:14 +0000  786 bytes for ./RCT-Folly_privacy.bundle/Info.plist
2025-04-16 14:52:14 +0000  copying file ./RNPermissionsPrivacyInfo.bundle/PrivacyInfo.xcprivacy ... 
2025-04-16 14:52:14 +0000  598 bytes for ./RNPermissionsPrivacyInfo.bundle/PrivacyInfo.xcprivacy
2025-04-16 14:52:14 +0000  copying file ./RNPermissionsPrivacyInfo.bundle/Info.plist ... 
2025-04-16 14:52:14 +0000  797 bytes for ./RNPermissionsPrivacyInfo.bundle/Info.plist
2025-04-16 14:52:14 +0000  copying file ./Inter 18pt ExtraBoldItalic.ttf ... 
2025-04-16 14:52:14 +0000  349064 bytes for ./Inter 18pt ExtraBoldItalic.ttf
2025-04-16 14:52:14 +0000  copying file ./Assets.car ... 
2025-04-16 14:52:14 +0000  515007 bytes for ./Assets.car
2025-04-16 14:52:14 +0000  copying file ./Inter 18pt Medium.ttf ... 
2025-04-16 14:52:14 +0000  343200 bytes for ./Inter 18pt Medium.ttf
2025-04-16 14:52:14 +0000  copying file ./EvilIcons.ttf ... 
2025-04-16 14:52:14 +0000  13456 bytes for ./EvilIcons.ttf
2025-04-16 14:52:14 +0000  copying file ./FirebaseInstallations_Privacy.bundle/PrivacyInfo.xcprivacy ... 
2025-04-16 14:52:14 +0000  1105 bytes for ./FirebaseInstallations_Privacy.bundle/PrivacyInfo.xcprivacy
2025-04-16 14:52:14 +0000  copying file ./FirebaseInstallations_Privacy.bundle/Info.plist ... 
2025-04-16 14:52:14 +0000  808 bytes for ./FirebaseInstallations_Privacy.bundle/Info.plist
2025-04-16 14:52:14 +0000  copying file ./GoogleUtilities_Privacy.bundle/PrivacyInfo.xcprivacy ... 
2025-04-16 14:52:14 +0000  1233 bytes for ./GoogleUtilities_Privacy.bundle/PrivacyInfo.xcprivacy
2025-04-16 14:52:14 +0000  copying file ./GoogleUtilities_Privacy.bundle/Info.plist ... 
2025-04-16 14:52:14 +0000  795 bytes for ./GoogleUtilities_Privacy.bundle/Info.plist
2025-04-16 14:52:14 +0000  copying file ./Inter 18pt MediumItalic.ttf ... 
2025-04-16 14:52:14 +0000  346884 bytes for ./Inter 18pt MediumItalic.ttf
2025-04-16 14:52:14 +0000  copying file ./main.jsbundle ... 
2025-04-16 14:52:14 +0000  10540275 bytes for ./main.jsbundle
2025-04-16 14:52:14 +0000  copying file ./FontAwesome6_Solid.ttf ... 
2025-04-16 14:52:14 +0000  423676 bytes for ./FontAwesome6_Solid.ttf
2025-04-16 14:52:14 +0000  copying file ./PrivacyInfo.xcprivacy ... 
2025-04-16 14:52:14 +0000  438 bytes for ./PrivacyInfo.xcprivacy
2025-04-16 14:52:14 +0000  copying file ./LaunchScreen.storyboardc/01J-lp-oVM-view-Ze5-6b-2t3.nib ... 
2025-04-16 14:52:14 +0000  3816 bytes for ./LaunchScreen.storyboardc/01J-lp-oVM-view-Ze5-6b-2t3.nib
2025-04-16 14:52:14 +0000  copying file ./LaunchScreen.storyboardc/UIViewController-01J-lp-oVM.nib ... 
2025-04-16 14:52:14 +0000  924 bytes for ./LaunchScreen.storyboardc/UIViewController-01J-lp-oVM.nib
2025-04-16 14:52:14 +0000  copying file ./LaunchScreen.storyboardc/Info.plist ... 
2025-04-16 14:52:14 +0000  258 bytes for ./LaunchScreen.storyboardc/Info.plist
2025-04-16 14:52:14 +0000  copying file ./RNSVGFilters.bundle/RNSVGArithmeticFilter.iphoneos.metallib ... 
2025-04-16 14:52:14 +0000  3993 bytes for ./RNSVGFilters.bundle/RNSVGArithmeticFilter.iphoneos.metallib
2025-04-16 14:52:14 +0000  copying file ./RNSVGFilters.bundle/RNSVGCompositeXor.iphoneos.metallib ... 
2025-04-16 14:52:14 +0000  3509 bytes for ./RNSVGFilters.bundle/RNSVGCompositeXor.iphoneos.metallib
2025-04-16 14:52:14 +0000  copying file ./RNSVGFilters.bundle/Info.plist ... 
2025-04-16 14:52:14 +0000  773 bytes for ./RNSVGFilters.bundle/Info.plist
2025-04-16 14:52:14 +0000  copying file ./Inter 18pt Thin.ttf ... 
2025-04-16 14:52:14 +0000  343088 bytes for ./Inter 18pt Thin.ttf
2025-04-16 14:52:14 +0000  copying file ./boost_privacy.bundle/Info.plist ... 
2025-04-16 14:52:14 +0000  774 bytes for ./boost_privacy.bundle/Info.plist
2025-04-16 14:52:14 +0000  copying file ./Inter 18pt ExtraLight.ttf ... 
2025-04-16 14:52:14 +0000  343532 bytes for ./Inter 18pt ExtraLight.ttf
2025-04-16 14:52:14 +0000  copying file ./Inter 18pt ThinItalic.ttf ... 
2025-04-16 14:52:14 +0000  346916 bytes for ./Inter 18pt ThinItalic.ttf
2025-04-16 14:52:14 +0000  copying file ./ip.txt ... 
2025-04-16 14:52:14 +0000  13 bytes for ./ip.txt
2025-04-16 14:52:14 +0000  copying file ./Inter 18pt BoldItalic.ttf ... 
2025-04-16 14:52:14 +0000  348180 bytes for ./Inter 18pt BoldItalic.ttf
2025-04-16 14:52:14 +0000  copying file ./Frameworks/hermes.framework/_CodeSignature/CodeResources ... 
2025-04-16 14:52:14 +0000  1798 bytes for ./Frameworks/hermes.framework/_CodeSignature/CodeResources
2025-04-16 14:52:14 +0000  copying file ./Frameworks/hermes.framework/hermes ... 
2025-04-16 14:52:14 +0000  6610864 bytes for ./Frameworks/hermes.framework/hermes
2025-04-16 14:52:14 +0000  copying file ./Frameworks/hermes.framework/Info.plist ... 
859 bytes for ./Frameworks/hermes.framework/Info.plist
copying file ./SimpleLineIcons.ttf ... 
54056 bytes for ./SimpleLineIcons.ttf
copying file ./FontAwesome6_Brands.ttf ... 
2025-04-16 14:52:14 +0000  209376 bytes for ./FontAwesome6_Brands.ttf
2025-04-16 14:52:14 +0000  copying file ./embedded.mobileprovision ... 
2025-04-16 14:52:14 +0000  16800 bytes for ./embedded.mobileprovision
2025-04-16 14:52:14 +0000  copying file ./Inter 18pt Black.ttf ... 
2025-04-16 14:52:14 +0000  344820 bytes for ./Inter 18pt Black.ttf
2025-04-16 14:52:14 +0000  copying file ./assets/node_modules/react-native/Libraries/LogBox/UI/LogBoxImages/loader.png ... 
2025-04-16 14:52:14 +0000  282 bytes for ./assets/node_modules/react-native/Libraries/LogBox/UI/LogBoxImages/loader.png
2025-04-16 14:52:14 +0000  copying file ./assets/node_modules/react-native/Libraries/LogBox/UI/LogBoxImages/chevron-right.png ... 
2025-04-16 14:52:14 +0000  123 bytes for ./assets/node_modules/react-native/Libraries/LogBox/UI/LogBoxImages/chevron-right.png
2025-04-16 14:52:14 +0000  copying file ./assets/node_modules/react-native/Libraries/LogBox/UI/LogBoxImages/chevron-left.png ... 
2025-04-16 14:52:14 +0000  126 bytes for ./assets/node_modules/react-native/Libraries/LogBox/UI/LogBoxImages/chevron-left.png
2025-04-16 14:52:14 +0000  copying file ./assets/node_modules/react-native/Libraries/LogBox/UI/LogBoxImages/alert-triangle.png ... 
2025-04-16 14:52:14 +0000  609 bytes for ./assets/node_modules/react-native/Libraries/LogBox/UI/LogBoxImages/alert-triangle.png
2025-04-16 14:52:14 +0000  copying file ./assets/node_modules/react-native/Libraries/LogBox/UI/LogBoxImages/close.png ... 
2025-04-16 14:52:14 +0000  187 bytes for ./assets/node_modules/react-native/Libraries/LogBox/UI/LogBoxImages/close.png
2025-04-16 14:52:14 +0000  copying file ./assets/node_modules/@react-navigation/elements/lib/commonjs/assets/back-icon@3x.png ... 
2025-04-16 14:52:14 +0000  761 bytes for ./assets/node_modules/@react-navigation/elements/lib/commonjs/assets/back-icon@3x.png
2025-04-16 14:52:14 +0000  copying file ./assets/node_modules/@react-navigation/elements/lib/commonjs/assets/back-icon@2x.png ... 
2025-04-16 14:52:14 +0000  405 bytes for ./assets/node_modules/@react-navigation/elements/lib/commonjs/assets/back-icon@2x.png
2025-04-16 14:52:14 +0000  copying file ./assets/node_modules/@react-navigation/elements/lib/commonjs/assets/search-icon@2x.png ... 
2025-04-16 14:52:14 +0000  589 bytes for ./assets/node_modules/@react-navigation/elements/lib/commonjs/assets/search-icon@2x.png
2025-04-16 14:52:14 +0000  copying file ./assets/node_modules/@react-navigation/elements/lib/commonjs/assets/clear-icon@3x.png ... 
2025-04-16 14:52:14 +0000  502 bytes for ./assets/node_modules/@react-navigation/elements/lib/commonjs/assets/clear-icon@3x.png
2025-04-16 14:52:14 +0000  copying file ./assets/node_modules/@react-navigation/elements/lib/commonjs/assets/back-icon.png ... 
2025-04-16 14:52:14 +0000  290 bytes for ./assets/node_modules/@react-navigation/elements/lib/commonjs/assets/back-icon.png
2025-04-16 14:52:14 +0000  copying file ./assets/node_modules/@react-navigation/elements/lib/commonjs/assets/clear-icon@2x.png ... 
2025-04-16 14:52:14 +0000  334 bytes for ./assets/node_modules/@react-navigation/elements/lib/commonjs/assets/clear-icon@2x.png
2025-04-16 14:52:14 +0000  copying file ./assets/node_modules/@react-navigation/elements/lib/commonjs/assets/search-icon@3x.png ... 
2025-04-16 14:52:14 +0000  839 bytes for ./assets/node_modules/@react-navigation/elements/lib/commonjs/assets/search-icon@3x.png
2025-04-16 14:52:14 +0000  copying file ./assets/node_modules/@react-navigation/elements/lib/commonjs/assets/close-icon.png ... 
2025-04-16 14:52:14 +0000  141 bytes for ./assets/node_modules/@react-navigation/elements/lib/commonjs/assets/close-icon.png
2025-04-16 14:52:14 +0000  copying file ./assets/node_modules/@react-navigation/elements/lib/commonjs/assets/back-icon-mask.png ... 
2025-04-16 14:52:14 +0000  653 bytes for ./assets/node_modules/@react-navigation/elements/lib/commonjs/assets/back-icon-mask.png
2025-04-16 14:52:14 +0000  copying file ./assets/node_modules/@react-navigation/elements/lib/commonjs/assets/close-icon@2x.png ... 
2025-04-16 14:52:14 +0000  201 bytes for ./assets/node_modules/@react-navigation/elements/lib/commonjs/assets/close-icon@2x.png
2025-04-16 14:52:14 +0000  copying file ./assets/node_modules/@react-navigation/elements/lib/commonjs/assets/close-icon@3x.png ... 
2025-04-16 14:52:14 +0000  266 bytes for ./assets/node_modules/@react-navigation/elements/lib/commonjs/assets/close-icon@3x.png
2025-04-16 14:52:14 +0000  copying file ./assets/node_modules/@react-navigation/elements/lib/commonjs/assets/clear-icon.png ... 
2025-04-16 14:52:14 +0000  220 bytes for ./assets/node_modules/@react-navigation/elements/lib/commonjs/assets/clear-icon.png
2025-04-16 14:52:14 +0000  copying file ./assets/node_modules/@react-navigation/elements/lib/commonjs/assets/search-icon.png ... 
2025-04-16 14:52:14 +0000  317 bytes for ./assets/node_modules/@react-navigation/elements/lib/commonjs/assets/search-icon.png
2025-04-16 14:52:14 +0000  copying file ./assets/node_modules/react-native-calendar-strip/src/img/left-arrow-black.png ... 
2025-04-16 14:52:14 +0000  311 bytes for ./assets/node_modules/react-native-calendar-strip/src/img/left-arrow-black.png
2025-04-16 14:52:14 +0000  copying file ./assets/node_modules/react-native-calendar-strip/src/img/right-arrow-black.png ... 
2025-04-16 14:52:14 +0000  304 bytes for ./assets/node_modules/react-native-calendar-strip/src/img/right-arrow-black.png
2025-04-16 14:52:14 +0000  copying file ./assets/node_modules/react-native-element-dropdown/src/assets/down.png ... 
2025-04-16 14:52:14 +0000  186 bytes for ./assets/node_modules/react-native-element-dropdown/src/assets/down.png
2025-04-16 14:52:14 +0000  copying file ./assets/node_modules/react-native-element-dropdown/src/assets/close.png ... 
2025-04-16 14:52:14 +0000  208 bytes for ./assets/node_modules/react-native-element-dropdown/src/assets/close.png
2025-04-16 14:52:14 +0000  copying file ./assets/assets/images/watch.png ... 
2025-04-16 14:52:14 +0000  1657 bytes for ./assets/assets/images/watch.png
2025-04-16 14:52:14 +0000  copying file ./assets/assets/images/check.png ... 
2025-04-16 14:52:14 +0000  6099 bytes for ./assets/assets/images/check.png
2025-04-16 14:52:14 +0000  copying file ./assets/assets/images/visayard-logo2.png ... 
2025-04-16 14:52:14 +0000  24248 bytes for ./assets/assets/images/visayard-logo2.png
2025-04-16 14:52:14 +0000  copying file ./assets/assets/images/details.png ... 
2025-04-16 14:52:14 +0000  9198 bytes for ./assets/assets/images/details.png
2025-04-16 14:52:14 +0000  copying file ./assets/assets/images/No_data.gif ... 
2025-04-16 14:52:14 +0000  291400 bytes for ./assets/assets/images/No_data.gif
2025-04-16 14:52:14 +0000  copying file ./assets/assets/images/user.png ... 
2025-04-16 14:52:14 +0000  1462 bytes for ./assets/assets/images/user.png
2025-04-16 14:52:14 +0000  copying file ./assets/assets/images/consult.gif ... 
2025-04-16 14:52:14 +0000  373601 bytes for ./assets/assets/images/consult.gif
2025-04-16 14:52:14 +0000  copying file ./assets/assets/images/success_icon.png ... 
2025-04-16 14:52:14 +0000  4122 bytes for ./assets/assets/images/success_icon.png
2025-04-16 14:52:14 +0000  copying file ./assets/assets/images/carousel/slider1.png ... 
2025-04-16 14:52:14 +0000  625347 bytes for ./assets/assets/images/carousel/slider1.png
2025-04-16 14:52:14 +0000  copying file ./assets/assets/images/carousel/slider3.png ... 
2025-04-16 14:52:14 +0000  549107 bytes for ./assets/assets/images/carousel/slider3.png
2025-04-16 14:52:14 +0000  copying file ./assets/assets/images/carousel/slider2.png ... 
2025-04-16 14:52:14 +0000  778256 bytes for ./assets/assets/images/carousel/slider2.png
2025-04-16 14:52:14 +0000  copying file ./assets/assets/images/connect.png ... 
2025-04-16 14:52:14 +0000  2286 bytes for ./assets/assets/images/connect.png
2025-04-16 14:52:14 +0000  copying file ./assets/assets/images/explore/user.png ... 
2025-04-16 14:52:14 +0000  18765 bytes for ./assets/assets/images/explore/user.png
2025-04-16 14:52:14 +0000  copying file ./assets/assets/images/photo.png ... 
2025-04-16 14:52:14 +0000  13300 bytes for ./assets/assets/images/photo.png
2025-04-16 14:52:14 +0000  copying file ./assets/assets/images/user_scanner.gif ... 
2025-04-16 14:52:14 +0000  79314 bytes for ./assets/assets/images/user_scanner.gif
2025-04-16 14:52:14 +0000  copying file ./assets/assets/images/scanner.png ... 
2025-04-16 14:52:14 +0000  7541 bytes for ./assets/assets/images/scanner.png
2025-04-16 14:52:14 +0000  copying file ./assets/assets/images/calendar.png ... 
2025-04-16 14:52:14 +0000  997 bytes for ./assets/assets/images/calendar.png
2025-04-16 14:52:14 +0000  copying file ./assets/assets/images/select_check.png ... 
2025-04-16 14:52:14 +0000  3536 bytes for ./assets/assets/images/select_check.png
2025-04-16 14:52:14 +0000  copying file ./assets/assets/images/app_logo.png ... 
2025-04-16 14:52:14 +0000  163734 bytes for ./assets/assets/images/app_logo.png
2025-04-16 14:52:14 +0000  copying file ./assets/assets/images/docs_scanner.gif ... 
2025-04-16 14:52:14 +0000  115377 bytes for ./assets/assets/images/docs_scanner.gif
2025-04-16 14:52:14 +0000  copying file ./assets/assets/images/home_banner.png ... 
2025-04-16 14:52:14 +0000  1191830 bytes for ./assets/assets/images/home_banner.png
2025-04-16 14:52:14 +0000  copying file ./assets/assets/images/bottom/application.png ... 
2025-04-16 14:52:14 +0000  1225 bytes for ./assets/assets/images/bottom/application.png
2025-04-16 14:52:14 +0000  copying file ./assets/assets/images/bottom/profile.png ... 
2025-04-16 14:52:14 +0000  2089 bytes for ./assets/assets/images/bottom/profile.png
2025-04-16 14:52:14 +0000  copying file ./assets/assets/images/scan.png ... 
2025-04-16 14:52:14 +0000  8387 bytes for ./assets/assets/images/scan.png
2025-04-16 14:52:14 +0000  copying file ./assets/assets/images/visayard.png ... 
2025-04-16 14:52:14 +0000  1925 bytes for ./assets/assets/images/visayard.png
2025-04-16 14:52:14 +0000  copying file ./Info.plist ... 
2025-04-16 14:52:14 +0000  5305 bytes for ./Info.plist
2025-04-16 14:52:14 +0000  copying file ./RNCAsyncStorage_resources.bundle/PrivacyInfo.xcprivacy ... 
2025-04-16 14:52:14 +0000  512 bytes for ./RNCAsyncStorage_resources.bundle/PrivacyInfo.xcprivacy
2025-04-16 14:52:14 +0000  copying file ./RNCAsyncStorage_resources.bundle/Info.plist ... 
2025-04-16 14:52:14 +0000  799 bytes for ./RNCAsyncStorage_resources.bundle/Info.plist
2025-04-16 14:52:14 +0000  copying file ./PkgInfo ... 
2025-04-16 14:52:14 +0000  8 bytes for ./PkgInfo
2025-04-16 14:52:14 +0000  copying file ./MaterialIcons.ttf ... 
2025-04-16 14:52:14 +0000  356840 bytes for ./MaterialIcons.ttf
2025-04-16 14:52:14 +0000  copying file ./Inter 18pt ExtraLightItalic.ttf ... 
2025-04-16 14:52:14 +0000  347452 bytes for ./Inter 18pt ExtraLightItalic.ttf
2025-04-16 14:52:14 +0000  copying file ./React-Core_privacy.bundle/PrivacyInfo.xcprivacy ... 
2025-04-16 14:52:14 +0000  768 bytes for ./React-Core_privacy.bundle/PrivacyInfo.xcprivacy
2025-04-16 14:52:14 +0000  copying file ./React-Core_privacy.bundle/Info.plist ... 
2025-04-16 14:52:14 +0000  786 bytes for ./React-Core_privacy.bundle/Info.plist
2025-04-16 14:52:14 +0000  copying file ./Inter 18pt Bold.ttf ... 
2025-04-16 14:52:14 +0000  344152 bytes for ./Inter 18pt Bold.ttf
2025-04-16 14:52:14 +0000  /usr/bin/ditto exited with 0
2025-04-16 14:52:14 +0000  Processing step: IDEDistributionEmbedProfileStep
2025-04-16 14:52:14 +0000  Skipping profile for item: <IDEDistributionItem: 0x34e252ed0; bundleID='dev.hermesengine.iphoneos', path='<DVTFilePath:0x34cd0e540:'/Users/technithunder/Library/Developer/Xcode/Archives/2025-04-16/VizaYard 16-04-25, 8.20 PM.xcarchive/Products/Applications/VizaYard.app/Frameworks/hermes.framework'>', codeSigningInfo='<_DVTCodeSigningInformation_Path: 0x34e2da6d0; isSigned='1', isAdHocSigned='0', signingCertificate='<DVTSigningCertificate: 0x34e4d10e0; name='Apple Development: Visauniversal Travelplanners (CVDV2TZ8SP)', hash='4D24899099D89463C6F599DA377F769F7E2C60E7', serialNumber='5B75113C9C7853D496B8ABF70B3BE345', certificateKinds='(
    "1.2.840.113635.100.6.1.12",
    "1.2.840.113635.100.6.1.2"
), issueDate='2025-04-08 05:21:38 +0000''>', entitlements='(null)', teamID='T283R4TNGG', identifier='dev.hermesengine.iphoneos', executablePath='<DVTFilePath:0x34cdf9510:'/Users/technithunder/Library/Developer/Xcode/Archives/2025-04-16/VizaYard 16-04-25, 8.20 PM.xcarchive/Products/Applications/VizaYard.app/Frameworks/hermes.framework/hermes'>', hardenedRuntime='0'>'>
2025-04-16 14:52:14 +0000  Processing step: IDEDistributionInfoPlistStep
2025-04-16 14:52:14 +0000  Skipping step: IDEDistributionInfoPlistStep because it said so
2025-04-16 14:52:14 +0000  Skipping step: IDEDistributionInfoPlistStep because it said so
2025-04-16 14:52:14 +0000  Processing step: IDEDistributionAppThinningPlistStep
2025-04-16 14:52:14 +0000  Skipping step: IDEDistributionAppThinningPlistStep because it said so
2025-04-16 14:52:14 +0000  Processing step: IDEDistributionSymbolsStep
2025-04-16 14:52:14 +0000  Skipping step: IDEDistributionSymbolsStep because it said so
2025-04-16 14:52:14 +0000  Processing step: IDEDistributionAppThinningStep
2025-04-16 14:52:14 +0000  Skipping step: IDEDistributionAppThinningStep because it said so
2025-04-16 14:52:14 +0000  Processing step: IDEDistributionArchThinningStep
2025-04-16 14:52:14 +0000  Item /Users/technithunder/Library/Developer/Xcode/Archives/2025-04-16/VizaYard 16-04-25, 8.20 PM.xcarchive/Products/Applications/VizaYard.app/Frameworks/hermes.framework doesn't have the entitlement com.apple.developer.web-browser-engine.host enabled, returning ["arm64e"]
2025-04-16 14:52:14 +0000  Archs to thin for item /Users/technithunder/Library/Developer/Xcode/Archives/2025-04-16/VizaYard 16-04-25, 8.20 PM.xcarchive/Products/Applications/VizaYard.app/Frameworks/hermes.framework are ["arm64e"]
2025-04-16 14:52:14 +0000  Running /Applications/Xcode.app/Contents/Developer/Toolchains/XcodeDefault.xctoolchain/usr/bin/lipo '/var/folders/g7/nnwdbg211s91nq1m1hrvc24c0000gn/T/XcodeDistPipeline.~~~sn9Dbv/Root/Payload/VizaYard.app/Frameworks/hermes.framework/hermes' '-verify_arch' 'arm64e'
2025-04-16 14:52:14 +0000  /Applications/Xcode.app/Contents/Developer/Toolchains/XcodeDefault.xctoolchain/usr/bin/lipo exited with 1
2025-04-16 14:52:14 +0000  Skipping architecture thinning for item "hermes" because arch "arm64e" wasn't found
2025-04-16 14:52:14 +0000  Item /Users/technithunder/Library/Developer/Xcode/Archives/2025-04-16/VizaYard 16-04-25, 8.20 PM.xcarchive/Products/Applications/VizaYard.app doesn't have the entitlement com.apple.developer.web-browser-engine.host enabled, returning ["arm64e"]
2025-04-16 14:52:14 +0000  Archs to thin for item /Users/technithunder/Library/Developer/Xcode/Archives/2025-04-16/VizaYard 16-04-25, 8.20 PM.xcarchive/Products/Applications/VizaYard.app are ["arm64e"]
2025-04-16 14:52:14 +0000  Running /Applications/Xcode.app/Contents/Developer/Toolchains/XcodeDefault.xctoolchain/usr/bin/lipo '/var/folders/g7/nnwdbg211s91nq1m1hrvc24c0000gn/T/XcodeDistPipeline.~~~sn9Dbv/Root/Payload/VizaYard.app/VizaYard' '-verify_arch' 'arm64e'
2025-04-16 14:52:14 +0000  /Applications/Xcode.app/Contents/Developer/Toolchains/XcodeDefault.xctoolchain/usr/bin/lipo exited with 1
2025-04-16 14:52:14 +0000  Skipping architecture thinning for item "VizaYard" because arch "arm64e" wasn't found
2025-04-16 14:52:14 +0000  Processing step: IDEDistributionODRStep
2025-04-16 14:52:14 +0000  Processing step: IDEDistributionStripXattrsStep
2025-04-16 14:52:14 +0000  Skipping stripping extended attributes because the codesign step will strip them.
2025-04-16 14:52:14 +0000  Skipping stripping extended attributes because the codesign step will strip them.
2025-04-16 14:52:14 +0000  Processing step: IDEDistributionCodesignStep
2025-04-16 14:52:14 +0000  Entitlements for <IDEDistributionItem: 0x34e252ed0; bundleID='dev.hermesengine.iphoneos', path='<DVTFilePath:0x34cd0e540:'/Users/technithunder/Library/Developer/Xcode/Archives/2025-04-16/VizaYard 16-04-25, 8.20 PM.xcarchive/Products/Applications/VizaYard.app/Frameworks/hermes.framework'>', codeSigningInfo='<_DVTCodeSigningInformation_Path: 0x34e2da6d0; isSigned='1', isAdHocSigned='0', signingCertificate='<DVTSigningCertificate: 0x34e237bf0; name='Apple Development: Visauniversal Travelplanners (CVDV2TZ8SP)', hash='4D24899099D89463C6F599DA377F769F7E2C60E7', serialNumber='5B75113C9C7853D496B8ABF70B3BE345', certificateKinds='(
    "1.2.840.113635.100.6.1.12",
    "1.2.840.113635.100.6.1.2"
), issueDate='2025-04-08 05:21:38 +0000''>', entitlements='(null)', teamID='T283R4TNGG', identifier='dev.hermesengine.iphoneos', executablePath='<DVTFilePath:0x34cdf9510:'/Users/technithunder/Library/Developer/Xcode/Archives/2025-04-16/VizaYard 16-04-25, 8.20 PM.xcarchive/Products/Applications/VizaYard.app/Frameworks/hermes.framework/hermes'>', hardenedRuntime='0'>'>: {
}
2025-04-16 14:52:14 +0000  Associated App Clip Identifiers Filter: Skipping because "com.apple.developer.associated-appclip-app-identifiers" is not present
2025-04-16 14:52:14 +0000  Entitlements for <IDEDistributionItem: 0x34e252ed0; bundleID='dev.hermesengine.iphoneos', path='<DVTFilePath:0x34cd0e540:'/Users/technithunder/Library/Developer/Xcode/Archives/2025-04-16/VizaYard 16-04-25, 8.20 PM.xcarchive/Products/Applications/VizaYard.app/Frameworks/hermes.framework'>', codeSigningInfo='<_DVTCodeSigningInformation_Path: 0x34e2da6d0; isSigned='1', isAdHocSigned='0', signingCertificate='<DVTSigningCertificate: 0x34e282860; name='Apple Development: Visauniversal Travelplanners (CVDV2TZ8SP)', hash='4D24899099D89463C6F599DA377F769F7E2C60E7', serialNumber='5B75113C9C7853D496B8ABF70B3BE345', certificateKinds='(
    "1.2.840.113635.100.6.1.12",
    "1.2.840.113635.100.6.1.2"
), issueDate='2025-04-08 05:21:38 +0000''>', entitlements='(null)', teamID='T283R4TNGG', identifier='dev.hermesengine.iphoneos', executablePath='<DVTFilePath:0x34cdf9510:'/Users/technithunder/Library/Developer/Xcode/Archives/2025-04-16/VizaYard 16-04-25, 8.20 PM.xcarchive/Products/Applications/VizaYard.app/Frameworks/hermes.framework/hermes'>', hardenedRuntime='0'>'> are: {
}
2025-04-16 14:52:14 +0000  Writing entitlements for <IDEDistributionItem: 0x34e252ed0; bundleID='dev.hermesengine.iphoneos', path='<DVTFilePath:0x34cd0e540:'/Users/technithunder/Library/Developer/Xcode/Archives/2025-04-16/VizaYard 16-04-25, 8.20 PM.xcarchive/Products/Applications/VizaYard.app/Frameworks/hermes.framework'>', codeSigningInfo='<_DVTCodeSigningInformation_Path: 0x34e2da6d0; isSigned='1', isAdHocSigned='0', signingCertificate='<DVTSigningCertificate: 0x34e282920; name='Apple Development: Visauniversal Travelplanners (CVDV2TZ8SP)', hash='4D24899099D89463C6F599DA377F769F7E2C60E7', serialNumber='5B75113C9C7853D496B8ABF70B3BE345', certificateKinds='(
    "1.2.840.113635.100.6.1.12",
    "1.2.840.113635.100.6.1.2"
), issueDate='2025-04-08 05:21:38 +0000''>', entitlements='(null)', teamID='T283R4TNGG', identifier='dev.hermesengine.iphoneos', executablePath='<DVTFilePath:0x34cdf9510:'/Users/technithunder/Library/Developer/Xcode/Archives/2025-04-16/VizaYard 16-04-25, 8.20 PM.xcarchive/Products/Applications/VizaYard.app/Frameworks/hermes.framework/hermes'>', hardenedRuntime='0'>'> to: /var/folders/g7/nnwdbg211s91nq1m1hrvc24c0000gn/T/XcodeDistPipeline.~~~sn9Dbv/entitlements~~~kUmlas
2025-04-16 14:52:14 +0000  invoking codesign: <NSConcreteTask: 0x34e29d620; launchPath='/usr/bin/codesign', arguments='(
    "-f",
    "-s",
    4D24899099D89463C6F599DA377F769F7E2C60E7,
    "--entitlements",
    "/var/folders/g7/nnwdbg211s91nq1m1hrvc24c0000gn/T/XcodeDistPipeline.~~~sn9Dbv/entitlements~~~kUmlas",
    "--preserve-metadata=identifier,flags,runtime",
    "--generate-entitlement-der",
    "--strip-disallowed-xattrs",
    "-vvv",
    "/var/folders/g7/nnwdbg211s91nq1m1hrvc24c0000gn/T/XcodeDistPipeline.~~~sn9Dbv/Root/Payload/VizaYard.app/Frameworks/hermes.framework"
)'>
2025-04-16 14:52:14 +0000  codesign output: /var/folders/g7/nnwdbg211s91nq1m1hrvc24c0000gn/T/XcodeDistPipeline.~~~sn9Dbv/Root/Payload/VizaYard.app/Frameworks/hermes.framework: replacing existing signature
/var/folders/g7/nnwdbg211s91nq1m1hrvc24c0000gn/T/XcodeDistPipeline.~~~sn9Dbv/Root/Payload/VizaYard.app/Frameworks/hermes.framework: signed bundle with Mach-O thin (arm64) [dev.hermesengine.iphoneos]
2025-04-16 14:52:14 +0000  Entitlements for <IDEDistributionItem: 0x34e2cdf30; bundleID='com.vizayard', path='<DVTFilePath:0x34c0b4780:'/Users/technithunder/Library/Developer/Xcode/Archives/2025-04-16/VizaYard 16-04-25, 8.20 PM.xcarchive/Products/Applications/VizaYard.app'>', codeSigningInfo='<_DVTCodeSigningInformation_Path: 0x35a7116f0; isSigned='1', isAdHocSigned='0', signingCertificate='<DVTSigningCertificate: 0x34e4d10e0; name='Apple Development: Visauniversal Travelplanners (CVDV2TZ8SP)', hash='4D24899099D89463C6F599DA377F769F7E2C60E7', serialNumber='5B75113C9C7853D496B8ABF70B3BE345', certificateKinds='(
    "1.2.840.113635.100.6.1.12",
    "1.2.840.113635.100.6.1.2"
), issueDate='2025-04-08 05:21:38 +0000''>', entitlements='{
    "application-identifier" = "T283R4TNGG.com.vizayard";
    "aps-environment" = development;
    "com.apple.developer.team-identifier" = T283R4TNGG;
    "get-task-allow" = 1;
}', teamID='T283R4TNGG', identifier='com.vizayard', executablePath='<DVTFilePath:0x34c60c3d0:'/Users/technithunder/Library/Developer/Xcode/Archives/2025-04-16/VizaYard 16-04-25, 8.20 PM.xcarchive/Products/Applications/VizaYard.app/VizaYard'>', hardenedRuntime='0'>'>: {
    "application-identifier" = "T283R4TNGG.com.vizayard";
    "aps-environment" = development;
    "com.apple.developer.team-identifier" = T283R4TNGG;
    "get-task-allow" = 1;
}
2025-04-16 14:52:14 +0000  Associated App Clip Identifiers Filter: Skipping because "com.apple.developer.associated-appclip-app-identifiers" is not present
2025-04-16 14:52:14 +0000  Entitlements for <IDEDistributionItem: 0x34e2cdf30; bundleID='com.vizayard', path='<DVTFilePath:0x34c0b4780:'/Users/technithunder/Library/Developer/Xcode/Archives/2025-04-16/VizaYard 16-04-25, 8.20 PM.xcarchive/Products/Applications/VizaYard.app'>', codeSigningInfo='<_DVTCodeSigningInformation_Path: 0x35a7116f0; isSigned='1', isAdHocSigned='0', signingCertificate='<DVTSigningCertificate: 0x34e270f40; name='Apple Development: Visauniversal Travelplanners (CVDV2TZ8SP)', hash='4D24899099D89463C6F599DA377F769F7E2C60E7', serialNumber='5B75113C9C7853D496B8ABF70B3BE345', certificateKinds='(
    "1.2.840.113635.100.6.1.12",
    "1.2.840.113635.100.6.1.2"
), issueDate='2025-04-08 05:21:38 +0000''>', entitlements='{
    "application-identifier" = "T283R4TNGG.com.vizayard";
    "aps-environment" = development;
    "com.apple.developer.team-identifier" = T283R4TNGG;
    "get-task-allow" = 1;
}', teamID='T283R4TNGG', identifier='com.vizayard', executablePath='<DVTFilePath:0x34c60c3d0:'/Users/technithunder/Library/Developer/Xcode/Archives/2025-04-16/VizaYard 16-04-25, 8.20 PM.xcarchive/Products/Applications/VizaYard.app/VizaYard'>', hardenedRuntime='0'>'> are: {
    "application-identifier" = "T283R4TNGG.com.vizayard";
    "aps-environment" = development;
    "com.apple.developer.team-identifier" = T283R4TNGG;
    "get-task-allow" = 1;
}
2025-04-16 14:52:14 +0000  Writing entitlements for <IDEDistributionItem: 0x34e2cdf30; bundleID='com.vizayard', path='<DVTFilePath:0x34c0b4780:'/Users/technithunder/Library/Developer/Xcode/Archives/2025-04-16/VizaYard 16-04-25, 8.20 PM.xcarchive/Products/Applications/VizaYard.app'>', codeSigningInfo='<_DVTCodeSigningInformation_Path: 0x35a7116f0; isSigned='1', isAdHocSigned='0', signingCertificate='<DVTSigningCertificate: 0x34e271050; name='Apple Development: Visauniversal Travelplanners (CVDV2TZ8SP)', hash='4D24899099D89463C6F599DA377F769F7E2C60E7', serialNumber='5B75113C9C7853D496B8ABF70B3BE345', certificateKinds='(
    "1.2.840.113635.100.6.1.12",
    "1.2.840.113635.100.6.1.2"
), issueDate='2025-04-08 05:21:38 +0000''>', entitlements='{
    "application-identifier" = "T283R4TNGG.com.vizayard";
    "aps-environment" = development;
    "com.apple.developer.team-identifier" = T283R4TNGG;
    "get-task-allow" = 1;
}', teamID='T283R4TNGG', identifier='com.vizayard', executablePath='<DVTFilePath:0x34c60c3d0:'/Users/technithunder/Library/Developer/Xcode/Archives/2025-04-16/VizaYard 16-04-25, 8.20 PM.xcarchive/Products/Applications/VizaYard.app/VizaYard'>', hardenedRuntime='0'>'> to: /var/folders/g7/nnwdbg211s91nq1m1hrvc24c0000gn/T/XcodeDistPipeline.~~~sn9Dbv/entitlements~~~ppTWKe
2025-04-16 14:52:14 +0000  invoking codesign: <NSConcreteTask: 0x34e29bef0; launchPath='/usr/bin/codesign', arguments='(
    "-f",
    "-s",
    4D24899099D89463C6F599DA377F769F7E2C60E7,
    "--entitlements",
    "/var/folders/g7/nnwdbg211s91nq1m1hrvc24c0000gn/T/XcodeDistPipeline.~~~sn9Dbv/entitlements~~~ppTWKe",
    "--preserve-metadata=identifier,flags,runtime",
    "--generate-entitlement-der",
    "--strip-disallowed-xattrs",
    "-vvv",
    "/var/folders/g7/nnwdbg211s91nq1m1hrvc24c0000gn/T/XcodeDistPipeline.~~~sn9Dbv/Root/Payload/VizaYard.app"
)'>
2025-04-16 14:52:15 +0000  codesign output: /var/folders/g7/nnwdbg211s91nq1m1hrvc24c0000gn/T/XcodeDistPipeline.~~~sn9Dbv/Root/Payload/VizaYard.app: replacing existing signature
/var/folders/g7/nnwdbg211s91nq1m1hrvc24c0000gn/T/XcodeDistPipeline.~~~sn9Dbv/Root/Payload/VizaYard.app: signed app bundle with Mach-O thin (arm64) [com.vizayard]
2025-04-16 14:52:15 +0000  Processing step: IDEDistributionZipODRItemStep
2025-04-16 14:52:15 +0000  Skipping step: IDEDistributionZipODRItemStep because it said so
2025-04-16 14:52:15 +0000  Skipping step: IDEDistributionZipODRItemStep because it said so
2025-04-16 14:52:15 +0000  Processing step: IDEDistributionCreateIPAStep
2025-04-16 14:52:15 +0000  Running /usr/bin/ditto '-V' '-c' '-k' '--norsrc' '/var/folders/g7/nnwdbg211s91nq1m1hrvc24c0000gn/T/XcodeDistPipeline.~~~sn9Dbv/Root' '/var/folders/g7/nnwdbg211s91nq1m1hrvc24c0000gn/T/XcodeDistPipeline.~~~sn9Dbv/Packages/VizaYard.ipa'
2025-04-16 14:52:15 +0000  >>> Copying /var/folders/g7/nnwdbg211s91nq1m1hrvc24c0000gn/T/XcodeDistPipeline.~~~sn9Dbv/Root 
2025-04-16 14:52:15 +0000  copying file ./Payload/VizaYard.app/_CodeSignature/CodeResources ... 
2025-04-16 14:52:15 +0000  36929 bytes for ./Payload/VizaYard.app/_CodeSignature/CodeResources
2025-04-16 14:52:15 +0000  copying file ./Payload/VizaYard.app/Fontisto.ttf ... 
2025-04-16 14:52:15 +0000  313528 bytes for ./Payload/VizaYard.app/Fontisto.ttf
2025-04-16 14:52:15 +0000  copying file ./Payload/VizaYard.app/Octicons.ttf ... 
2025-04-16 14:52:15 +0000  49404 bytes for ./Payload/VizaYard.app/Octicons.ttf
2025-04-16 14:52:15 +0000  copying file ./Payload/VizaYard.app/Inter 18pt SemiBold.ttf ... 
2025-04-16 14:52:15 +0000  343828 bytes for ./Payload/VizaYard.app/Inter 18pt SemiBold.ttf
2025-04-16 14:52:15 +0000  copying file ./Payload/VizaYard.app/Feather.ttf ... 
2025-04-16 14:52:15 +0000  56228 bytes for ./Payload/VizaYard.app/Feather.ttf
2025-04-16 14:52:15 +0000  copying file ./Payload/VizaYard.app/FirebaseCore_Privacy.bundle/PrivacyInfo.xcprivacy ... 
2025-04-16 14:52:15 +0000  855 bytes for ./Payload/VizaYard.app/FirebaseCore_Privacy.bundle/PrivacyInfo.xcprivacy
2025-04-16 14:52:15 +0000  copying file ./Payload/VizaYard.app/FirebaseCore_Privacy.bundle/Info.plist ... 
2025-04-16 14:52:15 +0000  790 bytes for ./Payload/VizaYard.app/FirebaseCore_Privacy.bundle/Info.plist
copying file ./Payload/VizaYard.app/FontAwesome6_Regular.ttf ... 
2025-04-16 14:52:15 +0000  67976 bytes for ./Payload/VizaYard.app/FontAwesome6_Regular.ttf
2025-04-16 14:52:15 +0000  copying file ./Payload/VizaYard.app/Inter 18pt SemiBoldItalic.ttf ... 
2025-04-16 14:52:15 +0000  347760 bytes for ./Payload/VizaYard.app/Inter 18pt SemiBoldItalic.ttf
2025-04-16 14:52:15 +0000  copying file ./Payload/VizaYard.app/Entypo.ttf ... 
2025-04-16 14:52:15 +0000  66200 bytes for ./Payload/VizaYard.app/Entypo.ttf
2025-04-16 14:52:15 +0000  copying file ./Payload/VizaYard.app/RNImagePickerPrivacyInfo.bundle/PrivacyInfo.xcprivacy ... 
2025-04-16 14:52:15 +0000  905 bytes for ./Payload/VizaYard.app/RNImagePickerPrivacyInfo.bundle/PrivacyInfo.xcprivacy
2025-04-16 14:52:15 +0000  copying file ./Payload/VizaYard.app/RNImagePickerPrivacyInfo.bundle/Info.plist ... 
2025-04-16 14:52:15 +0000  796 bytes for ./Payload/VizaYard.app/RNImagePickerPrivacyInfo.bundle/Info.plist
2025-04-16 14:52:15 +0000  copying file ./Payload/VizaYard.app/Inter 18pt BlackItalic.ttf ... 
2025-04-16 14:52:15 +0000  348712 bytes for ./Payload/VizaYard.app/Inter 18pt BlackItalic.ttf
2025-04-16 14:52:15 +0000  copying file ./Payload/VizaYard.app/Inter 18pt Light.ttf ... 
2025-04-16 14:52:15 +0000  343704 bytes for ./Payload/VizaYard.app/Inter 18pt Light.ttf
2025-04-16 14:52:15 +0000  copying file ./Payload/VizaYard.app/FontAwesome5_Brands.ttf ... 
2025-04-16 14:52:15 +0000  134040 bytes for ./Payload/VizaYard.app/FontAwesome5_Brands.ttf
2025-04-16 14:52:15 +0000  copying file ./Payload/VizaYard.app/MaterialCommunityIcons.ttf ... 
2025-04-16 14:52:15 +0000  1147844 bytes for ./Payload/VizaYard.app/MaterialCommunityIcons.ttf
2025-04-16 14:52:15 +0000  copying file ./Payload/VizaYard.app/glog_privacy.bundle/Info.plist ... 
2025-04-16 14:52:15 +0000  771 bytes for ./Payload/VizaYard.app/glog_privacy.bundle/Info.plist
2025-04-16 14:52:15 +0000  copying file ./Payload/VizaYard.app/FBLPromises_Privacy.bundle/PrivacyInfo.xcprivacy ... 
2025-04-16 14:52:15 +0000  373 bytes for ./Payload/VizaYard.app/FBLPromises_Privacy.bundle/PrivacyInfo.xcprivacy
2025-04-16 14:52:15 +0000  copying file ./Payload/VizaYard.app/FBLPromises_Privacy.bundle/Info.plist ... 
2025-04-16 14:52:15 +0000  786 bytes for ./Payload/VizaYard.app/FBLPromises_Privacy.bundle/Info.plist
2025-04-16 14:52:15 +0000  copying file ./Payload/VizaYard.app/AppIcon60x60@2x.png ... 
2025-04-16 14:52:15 +0000  6287 bytes for ./Payload/VizaYard.app/AppIcon60x60@2x.png
2025-04-16 14:52:15 +0000  copying file ./Payload/VizaYard.app/Inter 18pt LightItalic.ttf ... 
2025-04-16 14:52:15 +0000  347316 bytes for ./Payload/VizaYard.app/Inter 18pt LightItalic.ttf
2025-04-16 14:52:15 +0000  copying file ./Payload/VizaYard.app/Inter 18pt Italic.ttf ... 
2025-04-16 14:52:15 +0000  346480 bytes for ./Payload/VizaYard.app/Inter 18pt Italic.ttf
2025-04-16 14:52:15 +0000  copying file ./Payload/VizaYard.app/VizaYard ... 
2025-04-16 14:52:16 +0000  64602304 bytes for ./Payload/VizaYard.app/VizaYard
2025-04-16 14:52:16 +0000  copying file ./Payload/VizaYard.app/AntDesign.ttf ... 
2025-04-16 14:52:16 +0000  70344 bytes for ./Payload/VizaYard.app/AntDesign.ttf
2025-04-16 14:52:16 +0000  copying file ./Payload/VizaYard.app/Inter 18pt Regular.ttf ... 
2025-04-16 14:52:16 +0000  342680 bytes for ./Payload/VizaYard.app/Inter 18pt Regular.ttf
2025-04-16 14:52:16 +0000  copying file ./Payload/VizaYard.app/Foundation.ttf ... 
2025-04-16 14:52:16 +0000  56976 bytes for ./Payload/VizaYard.app/Foundation.ttf
2025-04-16 14:52:16 +0000  copying file ./Payload/VizaYard.app/Ionicons.ttf ... 
2025-04-16 14:52:16 +0000  442604 bytes for ./Payload/VizaYard.app/Ionicons.ttf
2025-04-16 14:52:16 +0000  copying file ./Payload/VizaYard.app/FontAwesome5_Solid.ttf ... 
2025-04-16 14:52:16 +0000  202744 bytes for ./Payload/VizaYard.app/FontAwesome5_Solid.ttf
2025-04-16 14:52:16 +0000  copying file ./Payload/VizaYard.app/FirebaseCoreInternal_Privacy.bundle/PrivacyInfo.xcprivacy ... 
2025-04-16 14:52:16 +0000  855 bytes for ./Payload/VizaYard.app/FirebaseCoreInternal_Privacy.bundle/PrivacyInfo.xcprivacy
copying file ./Payload/VizaYard.app/FirebaseCoreInternal_Privacy.bundle/Info.plist ... 
2025-04-16 14:52:16 +0000  806 bytes for ./Payload/VizaYard.app/FirebaseCoreInternal_Privacy.bundle/Info.plist
2025-04-16 14:52:16 +0000  copying file ./Payload/VizaYard.app/GoogleDataTransport_Privacy.bundle/PrivacyInfo.xcprivacy ... 
2025-04-16 14:52:16 +0000  1105 bytes for ./Payload/VizaYard.app/GoogleDataTransport_Privacy.bundle/PrivacyInfo.xcprivacy
2025-04-16 14:52:16 +0000  copying file ./Payload/VizaYard.app/GoogleDataTransport_Privacy.bundle/Info.plist ... 
2025-04-16 14:52:16 +0000  804 bytes for ./Payload/VizaYard.app/GoogleDataTransport_Privacy.bundle/Info.plist
2025-04-16 14:52:16 +0000  copying file ./Payload/VizaYard.app/FontAwesome5_Regular.ttf ... 
2025-04-16 14:52:16 +0000  33736 bytes for ./Payload/VizaYard.app/FontAwesome5_Regular.ttf
2025-04-16 14:52:16 +0000  copying file ./Payload/VizaYard.app/React-cxxreact_privacy.bundle/PrivacyInfo.xcprivacy ... 
2025-04-16 14:52:16 +0000  552 bytes for ./Payload/VizaYard.app/React-cxxreact_privacy.bundle/PrivacyInfo.xcprivacy
2025-04-16 14:52:16 +0000  copying file ./Payload/VizaYard.app/React-cxxreact_privacy.bundle/Info.plist ... 
2025-04-16 14:52:16 +0000  794 bytes for ./Payload/VizaYard.app/React-cxxreact_privacy.bundle/Info.plist
2025-04-16 14:52:16 +0000  copying file ./Payload/VizaYard.app/nanopb_Privacy.bundle/PrivacyInfo.xcprivacy ... 
2025-04-16 14:52:16 +0000  374 bytes for ./Payload/VizaYard.app/nanopb_Privacy.bundle/PrivacyInfo.xcprivacy
2025-04-16 14:52:16 +0000  copying file ./Payload/VizaYard.app/nanopb_Privacy.bundle/Info.plist ... 
2025-04-16 14:52:16 +0000  779 bytes for ./Payload/VizaYard.app/nanopb_Privacy.bundle/Info.plist
2025-04-16 14:52:16 +0000  copying file ./Payload/VizaYard.app/FirebaseMessaging_Privacy.bundle/PrivacyInfo.xcprivacy ... 
2025-04-16 14:52:16 +0000  2357 bytes for ./Payload/VizaYard.app/FirebaseMessaging_Privacy.bundle/PrivacyInfo.xcprivacy
2025-04-16 14:52:16 +0000  copying file ./Payload/VizaYard.app/FirebaseMessaging_Privacy.bundle/Info.plist ... 
2025-04-16 14:52:16 +0000  800 bytes for ./Payload/VizaYard.app/FirebaseMessaging_Privacy.bundle/Info.plist
2025-04-16 14:52:16 +0000  copying file ./Payload/VizaYard.app/GoogleService-Info.plist ... 
2025-04-16 14:52:16 +0000  468 bytes for ./Payload/VizaYard.app/GoogleService-Info.plist
2025-04-16 14:52:16 +0000  copying file ./Payload/VizaYard.app/FirebaseCoreExtension_Privacy.bundle/PrivacyInfo.xcprivacy ... 
2025-04-16 14:52:16 +0000  478 bytes for ./Payload/VizaYard.app/FirebaseCoreExtension_Privacy.bundle/PrivacyInfo.xcprivacy
2025-04-16 14:52:16 +0000  copying file ./Payload/VizaYard.app/FirebaseCoreExtension_Privacy.bundle/Info.plist ... 
2025-04-16 14:52:16 +0000  808 bytes for ./Payload/VizaYard.app/FirebaseCoreExtension_Privacy.bundle/Info.plist
2025-04-16 14:52:16 +0000  copying file ./Payload/VizaYard.app/FontAwesome.ttf ... 
2025-04-16 14:52:16 +0000  165548 bytes for ./Payload/VizaYard.app/FontAwesome.ttf
2025-04-16 14:52:16 +0000  copying file ./Payload/VizaYard.app/Inter 18pt ExtraBold.ttf ... 
2025-04-16 14:52:16 +0000  345008 bytes for ./Payload/VizaYard.app/Inter 18pt ExtraBold.ttf
2025-04-16 14:52:16 +0000  copying file ./Payload/VizaYard.app/Zocial.ttf ... 
2025-04-16 14:52:16 +0000  25788 bytes for ./Payload/VizaYard.app/Zocial.ttf
2025-04-16 14:52:16 +0000  copying file ./Payload/VizaYard.app/RCT-Folly_privacy.bundle/Info.plist ... 
2025-04-16 14:52:16 +0000  786 bytes for ./Payload/VizaYard.app/RCT-Folly_privacy.bundle/Info.plist
2025-04-16 14:52:16 +0000  copying file ./Payload/VizaYard.app/RNPermissionsPrivacyInfo.bundle/PrivacyInfo.xcprivacy ... 
2025-04-16 14:52:16 +0000  598 bytes for ./Payload/VizaYard.app/RNPermissionsPrivacyInfo.bundle/PrivacyInfo.xcprivacy
2025-04-16 14:52:16 +0000  copying file ./Payload/VizaYard.app/RNPermissionsPrivacyInfo.bundle/Info.plist ... 
2025-04-16 14:52:16 +0000  797 bytes for ./Payload/VizaYard.app/RNPermissionsPrivacyInfo.bundle/Info.plist
copying file ./Payload/VizaYard.app/Inter 18pt ExtraBoldItalic.ttf ... 
2025-04-16 14:52:16 +0000  349064 bytes for ./Payload/VizaYard.app/Inter 18pt ExtraBoldItalic.ttf
2025-04-16 14:52:16 +0000  copying file ./Payload/VizaYard.app/Assets.car ... 
2025-04-16 14:52:16 +0000  515007 bytes for ./Payload/VizaYard.app/Assets.car
2025-04-16 14:52:16 +0000  copying file ./Payload/VizaYard.app/Inter 18pt Medium.ttf ... 
2025-04-16 14:52:16 +0000  343200 bytes for ./Payload/VizaYard.app/Inter 18pt Medium.ttf
2025-04-16 14:52:16 +0000  copying file ./Payload/VizaYard.app/EvilIcons.ttf ... 
2025-04-16 14:52:16 +0000  13456 bytes for ./Payload/VizaYard.app/EvilIcons.ttf
2025-04-16 14:52:16 +0000  copying file ./Payload/VizaYard.app/FirebaseInstallations_Privacy.bundle/PrivacyInfo.xcprivacy ... 
2025-04-16 14:52:16 +0000  1105 bytes for ./Payload/VizaYard.app/FirebaseInstallations_Privacy.bundle/PrivacyInfo.xcprivacy
2025-04-16 14:52:16 +0000  copying file ./Payload/VizaYard.app/FirebaseInstallations_Privacy.bundle/Info.plist ... 
2025-04-16 14:52:16 +0000  808 bytes for ./Payload/VizaYard.app/FirebaseInstallations_Privacy.bundle/Info.plist
2025-04-16 14:52:16 +0000  copying file ./Payload/VizaYard.app/GoogleUtilities_Privacy.bundle/PrivacyInfo.xcprivacy ... 
2025-04-16 14:52:16 +0000  1233 bytes for ./Payload/VizaYard.app/GoogleUtilities_Privacy.bundle/PrivacyInfo.xcprivacy
2025-04-16 14:52:16 +0000  copying file ./Payload/VizaYard.app/GoogleUtilities_Privacy.bundle/Info.plist ... 
2025-04-16 14:52:16 +0000  795 bytes for ./Payload/VizaYard.app/GoogleUtilities_Privacy.bundle/Info.plist
2025-04-16 14:52:16 +0000  copying file ./Payload/VizaYard.app/Inter 18pt MediumItalic.ttf ... 
2025-04-16 14:52:16 +0000  346884 bytes for ./Payload/VizaYard.app/Inter 18pt MediumItalic.ttf
2025-04-16 14:52:16 +0000  copying file ./Payload/VizaYard.app/main.jsbundle ... 
2025-04-16 14:52:16 +0000  10540275 bytes for ./Payload/VizaYard.app/main.jsbundle
2025-04-16 14:52:16 +0000  copying file ./Payload/VizaYard.app/FontAwesome6_Solid.ttf ... 
2025-04-16 14:52:16 +0000  423676 bytes for ./Payload/VizaYard.app/FontAwesome6_Solid.ttf
2025-04-16 14:52:16 +0000  copying file ./Payload/VizaYard.app/PrivacyInfo.xcprivacy ... 
2025-04-16 14:52:16 +0000  438 bytes for ./Payload/VizaYard.app/PrivacyInfo.xcprivacy
2025-04-16 14:52:16 +0000  copying file ./Payload/VizaYard.app/LaunchScreen.storyboardc/01J-lp-oVM-view-Ze5-6b-2t3.nib ... 
2025-04-16 14:52:16 +0000  3816 bytes for ./Payload/VizaYard.app/LaunchScreen.storyboardc/01J-lp-oVM-view-Ze5-6b-2t3.nib
2025-04-16 14:52:16 +0000  copying file ./Payload/VizaYard.app/LaunchScreen.storyboardc/UIViewController-01J-lp-oVM.nib ... 
2025-04-16 14:52:16 +0000  924 bytes for ./Payload/VizaYard.app/LaunchScreen.storyboardc/UIViewController-01J-lp-oVM.nib
2025-04-16 14:52:16 +0000  copying file ./Payload/VizaYard.app/LaunchScreen.storyboardc/Info.plist ... 
2025-04-16 14:52:16 +0000  258 bytes for ./Payload/VizaYard.app/LaunchScreen.storyboardc/Info.plist
2025-04-16 14:52:16 +0000  copying file ./Payload/VizaYard.app/RNSVGFilters.bundle/RNSVGArithmeticFilter.iphoneos.metallib ... 
2025-04-16 14:52:16 +0000  3993 bytes for ./Payload/VizaYard.app/RNSVGFilters.bundle/RNSVGArithmeticFilter.iphoneos.metallib
2025-04-16 14:52:16 +0000  copying file ./Payload/VizaYard.app/RNSVGFilters.bundle/RNSVGCompositeXor.iphoneos.metallib ... 
2025-04-16 14:52:16 +0000  3509 bytes for ./Payload/VizaYard.app/RNSVGFilters.bundle/RNSVGCompositeXor.iphoneos.metallib
2025-04-16 14:52:16 +0000  copying file ./Payload/VizaYard.app/RNSVGFilters.bundle/Info.plist ... 
2025-04-16 14:52:16 +0000  773 bytes for ./Payload/VizaYard.app/RNSVGFilters.bundle/Info.plist
2025-04-16 14:52:16 +0000  copying file ./Payload/VizaYard.app/Inter 18pt Thin.ttf ... 
2025-04-16 14:52:16 +0000  343088 bytes for ./Payload/VizaYard.app/Inter 18pt Thin.ttf
2025-04-16 14:52:16 +0000  copying file ./Payload/VizaYard.app/boost_privacy.bundle/Info.plist ... 
2025-04-16 14:52:16 +0000  774 bytes for ./Payload/VizaYard.app/boost_privacy.bundle/Info.plist
2025-04-16 14:52:16 +0000  copying file ./Payload/VizaYard.app/Inter 18pt ExtraLight.ttf ... 
2025-04-16 14:52:16 +0000  343532 bytes for ./Payload/VizaYard.app/Inter 18pt ExtraLight.ttf
2025-04-16 14:52:16 +0000  copying file ./Payload/VizaYard.app/Inter 18pt ThinItalic.ttf ... 
2025-04-16 14:52:16 +0000  346916 bytes for ./Payload/VizaYard.app/Inter 18pt ThinItalic.ttf
2025-04-16 14:52:16 +0000  copying file ./Payload/VizaYard.app/ip.txt ... 
13 bytes for ./Payload/VizaYard.app/ip.txt
2025-04-16 14:52:16 +0000  copying file ./Payload/VizaYard.app/Inter 18pt BoldItalic.ttf ... 
2025-04-16 14:52:16 +0000  348180 bytes for ./Payload/VizaYard.app/Inter 18pt BoldItalic.ttf
2025-04-16 14:52:16 +0000  copying file ./Payload/VizaYard.app/Frameworks/hermes.framework/_CodeSignature/CodeResources ... 
2025-04-16 14:52:16 +0000  1798 bytes for ./Payload/VizaYard.app/Frameworks/hermes.framework/_CodeSignature/CodeResources
2025-04-16 14:52:16 +0000  copying file ./Payload/VizaYard.app/Frameworks/hermes.framework/hermes ... 
2025-04-16 14:52:16 +0000  6610864 bytes for ./Payload/VizaYard.app/Frameworks/hermes.framework/hermes
2025-04-16 14:52:16 +0000  copying file ./Payload/VizaYard.app/Frameworks/hermes.framework/Info.plist ... 
859 bytes for ./Payload/VizaYard.app/Frameworks/hermes.framework/Info.plist
2025-04-16 14:52:16 +0000  copying file ./Payload/VizaYard.app/SimpleLineIcons.ttf ... 
2025-04-16 14:52:16 +0000  54056 bytes for ./Payload/VizaYard.app/SimpleLineIcons.ttf
2025-04-16 14:52:16 +0000  copying file ./Payload/VizaYard.app/FontAwesome6_Brands.ttf ... 
2025-04-16 14:52:16 +0000  209376 bytes for ./Payload/VizaYard.app/FontAwesome6_Brands.ttf
2025-04-16 14:52:16 +0000  copying file ./Payload/VizaYard.app/embedded.mobileprovision ... 
2025-04-16 14:52:16 +0000  16800 bytes for ./Payload/VizaYard.app/embedded.mobileprovision
2025-04-16 14:52:16 +0000  copying file ./Payload/VizaYard.app/Inter 18pt Black.ttf ... 
2025-04-16 14:52:16 +0000  344820 bytes for ./Payload/VizaYard.app/Inter 18pt Black.ttf
2025-04-16 14:52:16 +0000  copying file ./Payload/VizaYard.app/assets/node_modules/react-native/Libraries/LogBox/UI/LogBoxImages/loader.png ... 
2025-04-16 14:52:16 +0000  282 bytes for ./Payload/VizaYard.app/assets/node_modules/react-native/Libraries/LogBox/UI/LogBoxImages/loader.png
2025-04-16 14:52:16 +0000  copying file ./Payload/VizaYard.app/assets/node_modules/react-native/Libraries/LogBox/UI/LogBoxImages/chevron-right.png ... 
2025-04-16 14:52:16 +0000  123 bytes for ./Payload/VizaYard.app/assets/node_modules/react-native/Libraries/LogBox/UI/LogBoxImages/chevron-right.png
2025-04-16 14:52:16 +0000  copying file ./Payload/VizaYard.app/assets/node_modules/react-native/Libraries/LogBox/UI/LogBoxImages/chevron-left.png ... 
2025-04-16 14:52:16 +0000  126 bytes for ./Payload/VizaYard.app/assets/node_modules/react-native/Libraries/LogBox/UI/LogBoxImages/chevron-left.png
2025-04-16 14:52:16 +0000  copying file ./Payload/VizaYard.app/assets/node_modules/react-native/Libraries/LogBox/UI/LogBoxImages/alert-triangle.png ... 
2025-04-16 14:52:16 +0000  609 bytes for ./Payload/VizaYard.app/assets/node_modules/react-native/Libraries/LogBox/UI/LogBoxImages/alert-triangle.png
2025-04-16 14:52:16 +0000  copying file ./Payload/VizaYard.app/assets/node_modules/react-native/Libraries/LogBox/UI/LogBoxImages/close.png ... 
2025-04-16 14:52:16 +0000  187 bytes for ./Payload/VizaYard.app/assets/node_modules/react-native/Libraries/LogBox/UI/LogBoxImages/close.png
2025-04-16 14:52:16 +0000  copying file ./Payload/VizaYard.app/assets/node_modules/@react-navigation/elements/lib/commonjs/assets/back-icon@3x.png ... 
2025-04-16 14:52:16 +0000  761 bytes for ./Payload/VizaYard.app/assets/node_modules/@react-navigation/elements/lib/commonjs/assets/back-icon@3x.png
2025-04-16 14:52:16 +0000  copying file ./Payload/VizaYard.app/assets/node_modules/@react-navigation/elements/lib/commonjs/assets/back-icon@2x.png ... 
2025-04-16 14:52:16 +0000  405 bytes for ./Payload/VizaYard.app/assets/node_modules/@react-navigation/elements/lib/commonjs/assets/back-icon@2x.png
2025-04-16 14:52:16 +0000  copying file ./Payload/VizaYard.app/assets/node_modules/@react-navigation/elements/lib/commonjs/assets/search-icon@2x.png ... 
2025-04-16 14:52:16 +0000  589 bytes for ./Payload/VizaYard.app/assets/node_modules/@react-navigation/elements/lib/commonjs/assets/search-icon@2x.png
2025-04-16 14:52:16 +0000  copying file ./Payload/VizaYard.app/assets/node_modules/@react-navigation/elements/lib/commonjs/assets/clear-icon@3x.png ... 
2025-04-16 14:52:16 +0000  502 bytes for ./Payload/VizaYard.app/assets/node_modules/@react-navigation/elements/lib/commonjs/assets/clear-icon@3x.png
2025-04-16 14:52:16 +0000  copying file ./Payload/VizaYard.app/assets/node_modules/@react-navigation/elements/lib/commonjs/assets/back-icon.png ... 
2025-04-16 14:52:16 +0000  290 bytes for ./Payload/VizaYard.app/assets/node_modules/@react-navigation/elements/lib/commonjs/assets/back-icon.png
2025-04-16 14:52:16 +0000  copying file ./Payload/VizaYard.app/assets/node_modules/@react-navigation/elements/lib/commonjs/assets/clear-icon@2x.png ... 
2025-04-16 14:52:16 +0000  334 bytes for ./Payload/VizaYard.app/assets/node_modules/@react-navigation/elements/lib/commonjs/assets/clear-icon@2x.png
2025-04-16 14:52:16 +0000  copying file ./Payload/VizaYard.app/assets/node_modules/@react-navigation/elements/lib/commonjs/assets/search-icon@3x.png ... 
2025-04-16 14:52:16 +0000  839 bytes for ./Payload/VizaYard.app/assets/node_modules/@react-navigation/elements/lib/commonjs/assets/search-icon@3x.png
2025-04-16 14:52:16 +0000  copying file ./Payload/VizaYard.app/assets/node_modules/@react-navigation/elements/lib/commonjs/assets/close-icon.png ... 
2025-04-16 14:52:16 +0000  141 bytes for ./Payload/VizaYard.app/assets/node_modules/@react-navigation/elements/lib/commonjs/assets/close-icon.png
2025-04-16 14:52:16 +0000  copying file ./Payload/VizaYard.app/assets/node_modules/@react-navigation/elements/lib/commonjs/assets/back-icon-mask.png ... 
2025-04-16 14:52:16 +0000  653 bytes for ./Payload/VizaYard.app/assets/node_modules/@react-navigation/elements/lib/commonjs/assets/back-icon-mask.png
2025-04-16 14:52:16 +0000  copying file ./Payload/VizaYard.app/assets/node_modules/@react-navigation/elements/lib/commonjs/assets/close-icon@2x.png ... 
2025-04-16 14:52:16 +0000  201 bytes for ./Payload/VizaYard.app/assets/node_modules/@react-navigation/elements/lib/commonjs/assets/close-icon@2x.png
2025-04-16 14:52:16 +0000  copying file ./Payload/VizaYard.app/assets/node_modules/@react-navigation/elements/lib/commonjs/assets/close-icon@3x.png ... 
2025-04-16 14:52:16 +0000  266 bytes for ./Payload/VizaYard.app/assets/node_modules/@react-navigation/elements/lib/commonjs/assets/close-icon@3x.png
2025-04-16 14:52:16 +0000  copying file ./Payload/VizaYard.app/assets/node_modules/@react-navigation/elements/lib/commonjs/assets/clear-icon.png ... 
2025-04-16 14:52:16 +0000  220 bytes for ./Payload/VizaYard.app/assets/node_modules/@react-navigation/elements/lib/commonjs/assets/clear-icon.png
2025-04-16 14:52:16 +0000  copying file ./Payload/VizaYard.app/assets/node_modules/@react-navigation/elements/lib/commonjs/assets/search-icon.png ... 
2025-04-16 14:52:16 +0000  317 bytes for ./Payload/VizaYard.app/assets/node_modules/@react-navigation/elements/lib/commonjs/assets/search-icon.png
2025-04-16 14:52:16 +0000  copying file ./Payload/VizaYard.app/assets/node_modules/react-native-calendar-strip/src/img/left-arrow-black.png ... 
2025-04-16 14:52:16 +0000  311 bytes for ./Payload/VizaYard.app/assets/node_modules/react-native-calendar-strip/src/img/left-arrow-black.png
2025-04-16 14:52:16 +0000  copying file ./Payload/VizaYard.app/assets/node_modules/react-native-calendar-strip/src/img/right-arrow-black.png ... 
2025-04-16 14:52:16 +0000  304 bytes for ./Payload/VizaYard.app/assets/node_modules/react-native-calendar-strip/src/img/right-arrow-black.png
2025-04-16 14:52:16 +0000  copying file ./Payload/VizaYard.app/assets/node_modules/react-native-element-dropdown/src/assets/down.png ... 
2025-04-16 14:52:16 +0000  186 bytes for ./Payload/VizaYard.app/assets/node_modules/react-native-element-dropdown/src/assets/down.png
2025-04-16 14:52:16 +0000  copying file ./Payload/VizaYard.app/assets/node_modules/react-native-element-dropdown/src/assets/close.png ... 
2025-04-16 14:52:16 +0000  208 bytes for ./Payload/VizaYard.app/assets/node_modules/react-native-element-dropdown/src/assets/close.png
2025-04-16 14:52:16 +0000  copying file ./Payload/VizaYard.app/assets/assets/images/watch.png ... 
2025-04-16 14:52:16 +0000  1657 bytes for ./Payload/VizaYard.app/assets/assets/images/watch.png
2025-04-16 14:52:16 +0000  copying file ./Payload/VizaYard.app/assets/assets/images/check.png ... 
2025-04-16 14:52:16 +0000  6099 bytes for ./Payload/VizaYard.app/assets/assets/images/check.png
2025-04-16 14:52:16 +0000  copying file ./Payload/VizaYard.app/assets/assets/images/visayard-logo2.png ... 
2025-04-16 14:52:16 +0000  24248 bytes for ./Payload/VizaYard.app/assets/assets/images/visayard-logo2.png
2025-04-16 14:52:16 +0000  copying file ./Payload/VizaYard.app/assets/assets/images/details.png ... 
2025-04-16 14:52:16 +0000  9198 bytes for ./Payload/VizaYard.app/assets/assets/images/details.png
2025-04-16 14:52:16 +0000  copying file ./Payload/VizaYard.app/assets/assets/images/No_data.gif ... 
2025-04-16 14:52:16 +0000  291400 bytes for ./Payload/VizaYard.app/assets/assets/images/No_data.gif
2025-04-16 14:52:16 +0000  copying file ./Payload/VizaYard.app/assets/assets/images/user.png ... 
2025-04-16 14:52:16 +0000  1462 bytes for ./Payload/VizaYard.app/assets/assets/images/user.png
2025-04-16 14:52:16 +0000  copying file ./Payload/VizaYard.app/assets/assets/images/consult.gif ... 
2025-04-16 14:52:16 +0000  373601 bytes for ./Payload/VizaYard.app/assets/assets/images/consult.gif
2025-04-16 14:52:16 +0000  copying file ./Payload/VizaYard.app/assets/assets/images/success_icon.png ... 
2025-04-16 14:52:16 +0000  4122 bytes for ./Payload/VizaYard.app/assets/assets/images/success_icon.png
2025-04-16 14:52:16 +0000  copying file ./Payload/VizaYard.app/assets/assets/images/carousel/slider1.png ... 
2025-04-16 14:52:16 +0000  625347 bytes for ./Payload/VizaYard.app/assets/assets/images/carousel/slider1.png
2025-04-16 14:52:16 +0000  copying file ./Payload/VizaYard.app/assets/assets/images/carousel/slider3.png ... 
2025-04-16 14:52:16 +0000  549107 bytes for ./Payload/VizaYard.app/assets/assets/images/carousel/slider3.png
2025-04-16 14:52:16 +0000  copying file ./Payload/VizaYard.app/assets/assets/images/carousel/slider2.png ... 
2025-04-16 14:52:16 +0000  778256 bytes for ./Payload/VizaYard.app/assets/assets/images/carousel/slider2.png
2025-04-16 14:52:16 +0000  copying file ./Payload/VizaYard.app/assets/assets/images/connect.png ... 
2025-04-16 14:52:16 +0000  2286 bytes for ./Payload/VizaYard.app/assets/assets/images/connect.png
2025-04-16 14:52:16 +0000  copying file ./Payload/VizaYard.app/assets/assets/images/explore/user.png ... 
2025-04-16 14:52:16 +0000  18765 bytes for ./Payload/VizaYard.app/assets/assets/images/explore/user.png
2025-04-16 14:52:16 +0000  copying file ./Payload/VizaYard.app/assets/assets/images/photo.png ... 
2025-04-16 14:52:16 +0000  13300 bytes for ./Payload/VizaYard.app/assets/assets/images/photo.png
2025-04-16 14:52:16 +0000  copying file ./Payload/VizaYard.app/assets/assets/images/user_scanner.gif ... 
2025-04-16 14:52:16 +0000  79314 bytes for ./Payload/VizaYard.app/assets/assets/images/user_scanner.gif
2025-04-16 14:52:16 +0000  copying file ./Payload/VizaYard.app/assets/assets/images/scanner.png ... 
2025-04-16 14:52:16 +0000  7541 bytes for ./Payload/VizaYard.app/assets/assets/images/scanner.png
2025-04-16 14:52:16 +0000  copying file ./Payload/VizaYard.app/assets/assets/images/calendar.png ... 
2025-04-16 14:52:16 +0000  997 bytes for ./Payload/VizaYard.app/assets/assets/images/calendar.png
2025-04-16 14:52:16 +0000  copying file ./Payload/VizaYard.app/assets/assets/images/select_check.png ... 
2025-04-16 14:52:16 +0000  3536 bytes for ./Payload/VizaYard.app/assets/assets/images/select_check.png
2025-04-16 14:52:16 +0000  copying file ./Payload/VizaYard.app/assets/assets/images/app_logo.png ... 
2025-04-16 14:52:16 +0000  163734 bytes for ./Payload/VizaYard.app/assets/assets/images/app_logo.png
2025-04-16 14:52:16 +0000  copying file ./Payload/VizaYard.app/assets/assets/images/docs_scanner.gif ... 
2025-04-16 14:52:16 +0000  115377 bytes for ./Payload/VizaYard.app/assets/assets/images/docs_scanner.gif
2025-04-16 14:52:16 +0000  copying file ./Payload/VizaYard.app/assets/assets/images/home_banner.png ... 
2025-04-16 14:52:16 +0000  1191830 bytes for ./Payload/VizaYard.app/assets/assets/images/home_banner.png
2025-04-16 14:52:16 +0000  copying file ./Payload/VizaYard.app/assets/assets/images/bottom/application.png ... 
2025-04-16 14:52:16 +0000  1225 bytes for ./Payload/VizaYard.app/assets/assets/images/bottom/application.png
2025-04-16 14:52:16 +0000  copying file ./Payload/VizaYard.app/assets/assets/images/bottom/profile.png ... 
2025-04-16 14:52:16 +0000  2089 bytes for ./Payload/VizaYard.app/assets/assets/images/bottom/profile.png
2025-04-16 14:52:16 +0000  copying file ./Payload/VizaYard.app/assets/assets/images/scan.png ... 
2025-04-16 14:52:16 +0000  8387 bytes for ./Payload/VizaYard.app/assets/assets/images/scan.png
2025-04-16 14:52:16 +0000  copying file ./Payload/VizaYard.app/assets/assets/images/visayard.png ... 
2025-04-16 14:52:16 +0000  1925 bytes for ./Payload/VizaYard.app/assets/assets/images/visayard.png
2025-04-16 14:52:16 +0000  copying file ./Payload/VizaYard.app/Info.plist ... 
2025-04-16 14:52:16 +0000  5305 bytes for ./Payload/VizaYard.app/Info.plist
2025-04-16 14:52:16 +0000  copying file ./Payload/VizaYard.app/RNCAsyncStorage_resources.bundle/PrivacyInfo.xcprivacy ... 
2025-04-16 14:52:16 +0000  512 bytes for ./Payload/VizaYard.app/RNCAsyncStorage_resources.bundle/PrivacyInfo.xcprivacy
2025-04-16 14:52:16 +0000  copying file ./Payload/VizaYard.app/RNCAsyncStorage_resources.bundle/Info.plist ... 
2025-04-16 14:52:16 +0000  799 bytes for ./Payload/VizaYard.app/RNCAsyncStorage_resources.bundle/Info.plist
2025-04-16 14:52:16 +0000  copying file ./Payload/VizaYard.app/PkgInfo ... 
2025-04-16 14:52:16 +0000  8 bytes for ./Payload/VizaYard.app/PkgInfo
2025-04-16 14:52:16 +0000  copying file ./Payload/VizaYard.app/MaterialIcons.ttf ... 
2025-04-16 14:52:16 +0000  356840 bytes for ./Payload/VizaYard.app/MaterialIcons.ttf
2025-04-16 14:52:16 +0000  copying file ./Payload/VizaYard.app/Inter 18pt ExtraLightItalic.ttf ... 
2025-04-16 14:52:16 +0000  347452 bytes for ./Payload/VizaYard.app/Inter 18pt ExtraLightItalic.ttf
2025-04-16 14:52:16 +0000  copying file ./Payload/VizaYard.app/React-Core_privacy.bundle/PrivacyInfo.xcprivacy ... 
2025-04-16 14:52:16 +0000  768 bytes for ./Payload/VizaYard.app/React-Core_privacy.bundle/PrivacyInfo.xcprivacy
2025-04-16 14:52:16 +0000  copying file ./Payload/VizaYard.app/React-Core_privacy.bundle/Info.plist ... 
2025-04-16 14:52:16 +0000  786 bytes for ./Payload/VizaYard.app/React-Core_privacy.bundle/Info.plist
2025-04-16 14:52:16 +0000  copying file ./Payload/VizaYard.app/Inter 18pt Bold.ttf ... 
2025-04-16 14:52:16 +0000  344152 bytes for ./Payload/VizaYard.app/Inter 18pt Bold.ttf
2025-04-16 14:52:16 +0000  /usr/bin/ditto exited with 0
2025-04-16 14:52:16 +0000  Processing step: IDEDistributionAppStoreInformationStep
2025-04-16 14:52:16 +0000  Skipping step: IDEDistributionAppStoreInformationStep because it said so
2025-04-16 14:52:16 +0000  Processing step: IDEDistributionGenerateProcessedDistributionItems
2025-04-16 14:52:16 +0000  IDEDistributionItem init <DVTFilePath:0x34e2b0a70:'/var/folders/g7/nnwdbg211s91nq1m1hrvc24c0000gn/T/XcodeDistPipeline.~~~sn9Dbv/Root/Payload/VizaYard.app/Frameworks/hermes.framework'>
2025-04-16 14:52:16 +0000  IDEDistributionItem init <DVTFilePath:0x34e2cc360:'/var/folders/g7/nnwdbg211s91nq1m1hrvc24c0000gn/T/XcodeDistPipeline.~~~sn9Dbv/Root/Payload/VizaYard.app'>
2025-04-16 14:52:16 +0000  Processing step: IDEDistributionCreateManifestStep
